


ARM Macro Assembler    Page 1 


    1 00000000         ;Se deben utilizar resistencias PULL-DOWN
    2 00000000         
    3 00000000         
    4 00000000         
    5 00000000         
    6 00000000 40004010 
                       PA2     EQU              0x40004010
    7 00000000 40004080 
                       PA5     EQU              0x40004080
    8 00000000 40004100 
                       PA6     EQU              0x40004100
    9 00000000 40004200 
                       PA7     EQU              0x40004200
   10 00000000 0196E6AB 
                       FIVESEC EQU              26666667    ; approximately 5s 
                                                            delay at ~16 MHz cl
                                                            ock
   11 00000000 00F42400 
                       THREESEC
                               EQU              16000000
   12 00000000 00A2C2AB 
                       TWOSEC  EQU              10666667
   13 00000000 0028B0AB 
                       ONESEC  EQU              2666667     ;Tiempo para los gi
                                                            ros de 90 grados
   14 00000000         ;Registros para puerto D
   15 00000000 4000703C 
                       LEDS    EQU              0x4000703C  ; Acceso a PD3-PD0
   16 00000000         ;PD0 enciende con 0x01 ---- IN1
   17 00000000         ;PD1 enciende con 0x02   --- IN2
   18 00000000         ;PD2 enciende con 0x04 ---- IN3
   19 00000000         ;PD3 enciende con 0x08 ---- IN4
   20 00000000 00000001 
                       IN1     EQU              0x01
   21 00000000 00000002 
                       IN2     EQU              0x02
   22 00000000 00000004 
                       IN3     EQU              0x04
   23 00000000 00000008 
                       IN4     EQU              0x08
   24 00000000 00000000 
                       APAGAR  EQU              0x00
   25 00000000         
   26 00000000         
   27 00000000 00000002 
                       RED     EQU              0x02
   28 00000000         
   29 00000000                 AREA             |.text|, CODE, READONLY, ALIGN=
2
   30 00000000                 THUMB
   31 00000000                 EXPORT           PA7PRESSED
   32 00000000                 IMPORT           PortF_Output
   33 00000000                 IMPORT           delay
   34 00000000                 IMPORT           Loop
   35 00000000         PA7PRESSED
   36 00000000 F04F 0400       MOV              R4,#0
   37 00000004 F04F 0402       MOV              R4,#RED     ;se enciende el led
                                                             azul PF2
   38 00000008 F7FF FFFE       BL               PortF_Output



ARM Macro Assembler    Page 2 


   39 0000000C BF00            NOP
   40 0000000E BF00            NOP
   41 00000010 4804            LDR              R0,=FIVESEC ;Asigna valor de re
                                                            tardo
   42 00000012 F7FF FFFE       BL               delay       ;Ejecuta el retardo
                                                            
   43 00000016         ;Aqui comenzar la funcion
   44 00000016 F04F 0400       MOV              R4,#0       ;se asigna 0 al val
                                                            or de salida de PF2
                                                            
   45 0000001A F7FF FFFE       BL               PortF_Output ;establece valor d
                                                            e salida de PF2
   46 0000001E F7FF FFFE       BL               Loop
   47 00000022         
   48 00000022 00 00           ALIGN
   49 00000024                 END
              0196E6AB 
Command Line: --debug --xref --diag_suppress=9931 --cpu=Cortex-M4.fp --apcs=int
erwork --depend=.\objects\funcion4.d -o.\objects\funcion4.o -I.\RTE\_Target_1 -
I"C:\Users\Luis Hernandez\AppData\Local\Arm\Packs\Keil\TM4C_DFP\1.1.0\Device\In
clude\TM4C123" -IC:\ARM\CMSIS\Include --predefine="__EVAL SETA 1" --predefine="
__UVISION_VERSION SETA 528" --predefine="TM4C123GH6PM SETA 1" --list=.\listings
\funcion4.lst Funcion4.s



ARM Macro Assembler    Page 1 Alphabetic symbol ordering
Relocatable symbols

.text 00000000

Symbol: .text
   Definitions
      At line 29 in file Funcion4.s
   Uses
      None
Comment: .text unused
PA7PRESSED 00000000

Symbol: PA7PRESSED
   Definitions
      At line 35 in file Funcion4.s
   Uses
      At line 31 in file Funcion4.s
Comment: PA7PRESSED used once
2 symbols



ARM Macro Assembler    Page 1 Alphabetic symbol ordering
Absolute symbols

APAGAR 00000000

Symbol: APAGAR
   Definitions
      At line 24 in file Funcion4.s
   Uses
      None
Comment: APAGAR unused
FIVESEC 0196E6AB

Symbol: FIVESEC
   Definitions
      At line 10 in file Funcion4.s
   Uses
      At line 41 in file Funcion4.s
Comment: FIVESEC used once
IN1 00000001

Symbol: IN1
   Definitions
      At line 20 in file Funcion4.s
   Uses
      None
Comment: IN1 unused
IN2 00000002

Symbol: IN2
   Definitions
      At line 21 in file Funcion4.s
   Uses
      None
Comment: IN2 unused
IN3 00000004

Symbol: IN3
   Definitions
      At line 22 in file Funcion4.s
   Uses
      None
Comment: IN3 unused
IN4 00000008

Symbol: IN4
   Definitions
      At line 23 in file Funcion4.s
   Uses
      None
Comment: IN4 unused
LEDS 4000703C

Symbol: LEDS
   Definitions
      At line 15 in file Funcion4.s
   Uses
      None
Comment: LEDS unused
ONESEC 0028B0AB

Symbol: ONESEC



ARM Macro Assembler    Page 2 Alphabetic symbol ordering
Absolute symbols

   Definitions
      At line 13 in file Funcion4.s
   Uses
      None
Comment: ONESEC unused
PA2 40004010

Symbol: PA2
   Definitions
      At line 6 in file Funcion4.s
   Uses
      None
Comment: PA2 unused
PA5 40004080

Symbol: PA5
   Definitions
      At line 7 in file Funcion4.s
   Uses
      None
Comment: PA5 unused
PA6 40004100

Symbol: PA6
   Definitions
      At line 8 in file Funcion4.s
   Uses
      None
Comment: PA6 unused
PA7 40004200

Symbol: PA7
   Definitions
      At line 9 in file Funcion4.s
   Uses
      None
Comment: PA7 unused
RED 00000002

Symbol: RED
   Definitions
      At line 27 in file Funcion4.s
   Uses
      At line 37 in file Funcion4.s
Comment: RED used once
THREESEC 00F42400

Symbol: THREESEC
   Definitions
      At line 11 in file Funcion4.s
   Uses
      None
Comment: THREESEC unused
TWOSEC 00A2C2AB

Symbol: TWOSEC
   Definitions
      At line 12 in file Funcion4.s
   Uses



ARM Macro Assembler    Page 3 Alphabetic symbol ordering
Absolute symbols

      None
Comment: TWOSEC unused
15 symbols



ARM Macro Assembler    Page 1 Alphabetic symbol ordering
External symbols

Loop 00000000

Symbol: Loop
   Definitions
      At line 34 in file Funcion4.s
   Uses
      At line 46 in file Funcion4.s
Comment: Loop used once
PortF_Output 00000000

Symbol: PortF_Output
   Definitions
      At line 32 in file Funcion4.s
   Uses
      At line 38 in file Funcion4.s
      At line 45 in file Funcion4.s

delay 00000000

Symbol: delay
   Definitions
      At line 33 in file Funcion4.s
   Uses
      At line 42 in file Funcion4.s
Comment: delay used once
3 symbols
356 symbols in table
